[coderthemes.com/konrix/layouts/sidebar-dark.html]
[backblue.gif]
[fade.gif]
[index.html]
[coderthemes.com/konrix/layouts/assets/images/favicon.ico]
[coderthemes.com/konrix/layouts/assets/css/app.min.css]
[coderthemes.com/konrix/layouts/assets/css/icons.min.css]
[coderthemes.com/konrix/layouts/assets/js/config.js]
[coderthemes.com/konrix/layouts/index.html]
[coderthemes.com/konrix/layouts/assets/images/logo-light.png]
[coderthemes.com/konrix/layouts/assets/images/logo-sm.png]
[coderthemes.com/konrix/layouts/assets/images/logo-dark.png]
[coderthemes.com/konrix/layouts/apps-calendar.html]
[coderthemes.com/konrix/layouts/apps-tickets.html]
[coderthemes.com/konrix/layouts/apps-file-manager.html]
[coderthemes.com/konrix/layouts/apps-kanban.html]
[coderthemes.com/konrix/layouts/apps-project-list.html]
[coderthemes.com/konrix/layouts/apps-project-detail.html]
[coderthemes.com/konrix/layouts/apps-project-create.html]
[coderthemes.com/konrix/layouts/auth-login.html]
[coderthemes.com/konrix/layouts/auth-register.html]
[coderthemes.com/konrix/layouts/auth-recoverpw.html]
[coderthemes.com/konrix/layouts/auth-lock-screen.html]
[coderthemes.com/konrix/layouts/pages-starter.html]
[coderthemes.com/konrix/layouts/pages-timeline.html]
[coderthemes.com/konrix/layouts/pages-invoice.html]
[coderthemes.com/konrix/layouts/pages-gallery.html]
[coderthemes.com/konrix/layouts/pages-faqs.html]
[coderthemes.com/konrix/layouts/pages-pricing.html]
[coderthemes.com/konrix/layouts/pages-maintenance.html]
[coderthemes.com/konrix/layouts/pages-coming-soon.html]
[coderthemes.com/konrix/layouts/pages-404.html]
[coderthemes.com/konrix/layouts/pages-404-alt.html]
[coderthemes.com/konrix/layouts/pages-500.html]
[coderthemes.com/konrix/layouts/layout-hover-view.html]
[coderthemes.com/konrix/layouts/layout-icon-view.html]
[coderthemes.com/konrix/layouts/layout-compact-view.html]
[coderthemes.com/konrix/layouts/layout-mobile-view.html]
[coderthemes.com/konrix/layouts/layout-hidden.html]
[coderthemes.com/konrix/layouts/ui-accordions.html]
[coderthemes.com/konrix/layouts/ui-alerts.html]
[coderthemes.com/konrix/layouts/ui-avatars.html]
[coderthemes.com/konrix/layouts/ui-buttons.html]
[coderthemes.com/konrix/layouts/ui-badges.html]
[coderthemes.com/konrix/layouts/ui-breadcrumbs.html]
[coderthemes.com/konrix/layouts/ui-cards.html]
[coderthemes.com/konrix/layouts/ui-collapse.html]
[coderthemes.com/konrix/layouts/ui-dismissible.html]
[coderthemes.com/konrix/layouts/ui-dropdowns.html]
[coderthemes.com/konrix/layouts/ui-progress.html]
[coderthemes.com/konrix/layouts/ui-skeleton.html]
[coderthemes.com/konrix/layouts/ui-spinners.html]
[coderthemes.com/konrix/layouts/ui-list-group.html]
[coderthemes.com/konrix/layouts/ui-ratio.html]
[coderthemes.com/konrix/layouts/ui-tabs.html]
[coderthemes.com/konrix/layouts/ui-modals.html]
[coderthemes.com/konrix/layouts/ui-offcanvas.html]
[coderthemes.com/konrix/layouts/ui-popovers.html]
[coderthemes.com/konrix/layouts/ui-tooltips.html]
[coderthemes.com/konrix/layouts/ui-typography.html]
[coderthemes.com/konrix/layouts/extended-swiper.html]
[coderthemes.com/konrix/layouts/extended-nestable.html]
[coderthemes.com/konrix/layouts/extended-ratings.html]
[coderthemes.com/konrix/layouts/extended-animation.html]
[coderthemes.com/konrix/layouts/extended-player.html]
[coderthemes.com/konrix/layouts/extended-scrollbar.html]
[coderthemes.com/konrix/layouts/extended-sweet-alert.html]
[coderthemes.com/konrix/layouts/extended-tour.html]
[coderthemes.com/konrix/layouts/extended-tippy-tooltips.html]
[coderthemes.com/konrix/layouts/extended-lightbox.html]
[coderthemes.com/konrix/layouts/forms-elements.html]
[coderthemes.com/konrix/layouts/forms-select.html]
[coderthemes.com/konrix/layouts/forms-range.html]
[coderthemes.com/konrix/layouts/forms-pickers.html]
[coderthemes.com/konrix/layouts/forms-masks.html]
[coderthemes.com/konrix/layouts/forms-editor.html]
[coderthemes.com/konrix/layouts/forms-file-uploads.html]
[coderthemes.com/konrix/layouts/forms-validation.html]
[coderthemes.com/konrix/layouts/forms-layout.html]
[coderthemes.com/konrix/layouts/tables-basic.html]
[coderthemes.com/konrix/layouts/tables-datatables.html]
[coderthemes.com/konrix/layouts/icons-mingcute.html]
[coderthemes.com/konrix/layouts/icons-feather.html]
[coderthemes.com/konrix/layouts/icons-material-symbols.html]
[coderthemes.com/konrix/layouts/charts.html]
[coderthemes.com/konrix/layouts/maps-vector.html]
[coderthemes.com/konrix/layouts/maps-google.html]
[coderthemes.com/konrix/layouts/docs-introduction.html]
[coderthemes.com/konrix/layouts/docs-installation.html]
[coderthemes.com/konrix/layouts/docs-customization.html]
[coderthemes.com/konrix/layouts/docs-changelog.html]
[coderthemes.com/konrix/layouts/assets/images/flags/us.jpg]
[coderthemes.com/konrix/layouts/assets/images/flags/germany.jpg]
[coderthemes.com/konrix/layouts/assets/images/flags/italy.jpg]
[coderthemes.com/konrix/layouts/assets/images/flags/spain.jpg]
[coderthemes.com/konrix/layouts/assets/images/flags/russia.jpg]
[coderthemes.com/konrix/layouts/assets/images/users/avatar-2.jpg]
[coderthemes.com/konrix/layouts/assets/images/users/avatar-4.jpg]
[coderthemes.com/konrix/layouts/assets/images/users/user-6.jpg]
[coderthemes.com/konrix/layouts/assets/images/users/avatar-1.jpg]
[coderthemes.com/konrix/layouts/assets/images/users/avatar-3.jpg]
[coderthemes.com/konrix/layouts/assets/images/users/avatar-5.jpg]
[coderthemes.com/konrix/layouts/assets/images/users/avatar-6.jpg]
[coderthemes.com/konrix/layouts/assets/images/users/avatar-7.jpg]
[coderthemes.com/konrix/layouts/assets/images/users/avatar-8.jpg]
[coderthemes.com/konrix/layouts/assets/libs/simplebar/simplebar.min.js]
[coderthemes.com/konrix/layouts/assets/libs/@frostui/tailwindcss/frostui.js]
[coderthemes.com/konrix/layouts/assets/libs/feather-icons/feather.min.js]
[coderthemes.com/konrix/layouts/assets/js/app.js]
[coderthemes.com/konrix/layouts/assets/js/pages/dashboard.js]
[coderthemes.com/konrix/layouts/sidebar-dark.html]
[coderthemes.com/konrix/layouts/assets/css/app.min.css]
[coderthemes.com/konrix/layouts/assets/fonts/MingCute2960.eot]
[coderthemes.com/konrix/layouts/assets/fonts/MingCute2960.ttf]
[coderthemes.com/konrix/layouts/assets/fonts/MingCute2960.woff]
[coderthemes.com/konrix/layouts/assets/libs/apexcharts/apexcharts.min.js]
[coderthemes.com/konrix/layouts/assets/css/icons.min.css]
[coderthemes.com/konrix/layouts/index.html]
[coderthemes.com/konrix/layouts/assets/libs/fullcalendar/index.global.min.js]
[coderthemes.com/konrix/layouts/assets/js/pages/apps-calendar.js]
[coderthemes.com/konrix/layouts/apps-calendar.html]
[coderthemes.com/konrix/layouts/assets/images/users/avatar-9.jpg]
[coderthemes.com/konrix/layouts/apps-tickets.html]
[coderthemes.com/konrix/layouts/apps-file-manager.html]
[coderthemes.com/konrix/layouts/assets/libs/sortablejs/Sortable.min.js]
[coderthemes.com/konrix/layouts/assets/js/pages/apps-kanban.js]
[coderthemes.com/konrix/layouts/apps-kanban.html]
[coderthemes.com/konrix/layouts/assets/images/users/avatar-10.jpg]
[coderthemes.com/konrix/layouts/apps-project-list.html]
[coderthemes.com/konrix/layouts/apps-project-detail.html]
[coderthemes.com/konrix/layouts/assets/libs/dropzone/min/dropzone.min.css]
[coderthemes.com/konrix/layouts/assets/images/users/user-9.jpg]
[coderthemes.com/konrix/layouts/assets/images/users/user-8.jpg]
[coderthemes.com/konrix/layouts/assets/images/users/user-7.jpg]
[coderthemes.com/konrix/layouts/apps-project-create.html]
[coderthemes.com/konrix/layouts/auth-login.html]
[coderthemes.com/konrix/layouts/auth-register.html]
[coderthemes.com/konrix/layouts/auth-recoverpw.html]
[coderthemes.com/konrix/layouts/auth-lock-screen.html]
[coderthemes.com/konrix/layouts/pages-starter.html]
[coderthemes.com/konrix/layouts/assets/images/small/img-1.jpg]
[coderthemes.com/konrix/layouts/assets/libs/dropzone/min/dropzone.min.js]
[coderthemes.com/konrix/layouts/assets/images/small/img-2.jpg]
[coderthemes.com/konrix/layouts/assets/images/small/img-3.jpg]
[coderthemes.com/konrix/layouts/pages-timeline.html]
[coderthemes.com/konrix/layouts/pages-invoice.html]
[coderthemes.com/konrix/layouts/assets/libs/glightbox/css/glightbox.min.css]
[coderthemes.com/konrix/layouts/assets/images/small/small-1.jpg]
[coderthemes.com/konrix/layouts/assets/images/small/small-2.jpg]
[coderthemes.com/konrix/layouts/assets/images/small/small-3.jpg]
[coderthemes.com/konrix/layouts/assets/images/small/small-4.jpg]
[coderthemes.com/konrix/layouts/assets/images/small/small-5.jpg]
[coderthemes.com/konrix/layouts/assets/images/small/small-6.jpg]
[coderthemes.com/konrix/layouts/assets/images/small/small-7.jpg]
[coderthemes.com/konrix/layouts/assets/images/small/small-8.jpg]
[coderthemes.com/konrix/layouts/assets/images/small/plant3.jpg]
[coderthemes.com/konrix/layouts/assets/images/small/girl.jpg]
[coderthemes.com/konrix/layouts/assets/images/small/plant2.jpg]
[coderthemes.com/konrix/layouts/assets/images/small/statue1.jpg]
[coderthemes.com/konrix/layouts/assets/images/small/vase.jpg]
[coderthemes.com/konrix/layouts/assets/images/small/flower.jpg]
[coderthemes.com/konrix/layouts/assets/images/small/flower2.jpg]
[coderthemes.com/konrix/layouts/assets/images/small/plant.jpg]
[coderthemes.com/konrix/layouts/assets/images/small/statue2.jpg]
[coderthemes.com/konrix/layouts/assets/images/small/boys.jpg]
[coderthemes.com/konrix/layouts/assets/libs/shufflejs/shuffle.min.js]
[coderthemes.com/konrix/layouts/assets/libs/glightbox/js/glightbox.min.js]
[coderthemes.com/konrix/layouts/assets/js/pages/gallery.js]
[coderthemes.com/konrix/layouts/pages-gallery.html]
[coderthemes.com/konrix/layouts/pages-faqs.html]
[coderthemes.com/konrix/layouts/pages-pricing.html]
[coderthemes.com/konrix/layouts/pages-maintenance.html]
[coderthemes.com/konrix/layouts/pages-coming-soon.html]
[coderthemes.com/konrix/layouts/pages-404.html]
[coderthemes.com/konrix/layouts/pages-404-alt.html]
[coderthemes.com/konrix/layouts/pages-500.html]
[coderthemes.com/konrix/layouts/layout-hover-view.html]
[coderthemes.com/konrix/layouts/layout-icon-view.html]
[coderthemes.com/konrix/layouts/layout-compact-view.html]
[coderthemes.com/konrix/layouts/layout-mobile-view.html]
[coderthemes.com/konrix/layouts/layout-hidden.html]
[coderthemes.com/konrix/layouts/assets/libs/prismjs/prism.js]
[coderthemes.com/konrix/layouts/assets/libs/prismjs/plugins/normalize-whitespace/prism-normalize-whitespace.min.js]
[coderthemes.com/konrix/layouts/assets/libs/clipboard/clipboard.min.js]
[coderthemes.com/konrix/layouts/assets/js/pages/highlight.js]
[coderthemes.com/konrix/layouts/ui-accordions.html]
[coderthemes.com/konrix/layouts/ui-alerts.html]
[coderthemes.com/konrix/layouts/ui-avatars.html]
[coderthemes.com/konrix/layouts/ui-buttons.html]
[coderthemes.com/konrix/layouts/ui-badges.html]
[coderthemes.com/konrix/layouts/ui-breadcrumbs.html]
[coderthemes.com/konrix/layouts/assets/images/small/img-7.jpg]
[coderthemes.com/konrix/layouts/ui-cards.html]
[coderthemes.com/konrix/layouts/ui-collapse.html]
[coderthemes.com/konrix/layouts/ui-dismissible.html]
[coderthemes.com/konrix/layouts/ui-dropdowns.html]
[coderthemes.com/konrix/layouts/ui-progress.html]
[coderthemes.com/konrix/layouts/ui-skeleton.html]
[coderthemes.com/konrix/layouts/ui-spinners.html]
[coderthemes.com/konrix/layouts/ui-list-group.html]
[coderthemes.com/konrix/layouts/ui-ratio.html]
[coderthemes.com/konrix/layouts/ui-tabs.html]
[coderthemes.com/konrix/layouts/ui-modals.html]
[coderthemes.com/konrix/layouts/ui-offcanvas.html]
[coderthemes.com/konrix/layouts/ui-popovers.html]
[coderthemes.com/konrix/layouts/ui-tooltips.html]
[coderthemes.com/konrix/layouts/ui-typography.html]
[coderthemes.com/konrix/layouts/assets/libs/swiper/swiper-bundle.min.css]
[coderthemes.com/konrix/layouts/assets/images/small/img-4.jpg]
[coderthemes.com/konrix/layouts/assets/images/small/img-5.jpg]
[coderthemes.com/konrix/layouts/assets/images/small/img-6.jpg]
[coderthemes.com/konrix/layouts/assets/images/small/img-8.jpg]
[coderthemes.com/konrix/layouts/assets/images/small/img-9.jpg]
[coderthemes.com/konrix/layouts/assets/images/small/img-10.jpg]
[coderthemes.com/konrix/layouts/assets/images/small/img-11.jpg]
[coderthemes.com/konrix/layouts/assets/images/small/img-12.jpg]
[coderthemes.com/konrix/layouts/assets/libs/swiper/swiper-bundle.min.js]
[coderthemes.com/konrix/layouts/assets/js/pages/extended-swiper.js]
[coderthemes.com/konrix/layouts/extended-swiper.html]
[coderthemes.com/konrix/layouts/assets/js/pages/extended-sortable.js]
[coderthemes.com/konrix/layouts/extended-nestable.html]
[coderthemes.com/konrix/layouts/assets/libs/nouislider/nouislider.min.css]
[coderthemes.com/konrix/layouts/assets/libs/rater-js/index.js]
[coderthemes.com/konrix/layouts/assets/js/pages/extended-ratings.js]
[coderthemes.com/konrix/layouts/extended-ratings.html]
[coderthemes.com/konrix/layouts/assets/libs/animate.css/animate.min.css]
[coderthemes.com/konrix/layouts/assets/libs/animate.css/animate.compat.css]
[coderthemes.com/konrix/layouts/assets/images/macbook.png]
[coderthemes.com/konrix/layouts/assets/js/pages/extended-animation.js]
[coderthemes.com/konrix/layouts/extended-animation.html]
[coderthemes.com/konrix/layouts/assets/libs/plyr/plyr.css]
[coderthemes.com/konrix/layouts/assets/libs/plyr/plyr.min.js]
[coderthemes.com/konrix/layouts/assets/js/pages/extended-plyr.js]
[coderthemes.com/konrix/layouts/extended-player.html]
[coderthemes.com/konrix/layouts/extended-scrollbar.html]
[coderthemes.com/konrix/layouts/assets/libs/sweetalert2/sweetalert2.min.css]
[coderthemes.com/konrix/layouts/assets/libs/sweetalert2/sweetalert2.min.js]
[coderthemes.com/konrix/layouts/assets/js/pages/extended-sweetalert.js]
[coderthemes.com/konrix/layouts/extended-sweet-alert.html]
[coderthemes.com/konrix/layouts/assets/libs/shepherd.js/css/shepherd.css]
[coderthemes.com/konrix/layouts/assets/libs/shepherd.js/js/shepherd.min.js]
[coderthemes.com/konrix/layouts/assets/js/pages/extended-tour.js]
[coderthemes.com/konrix/layouts/extended-tour.html]
[coderthemes.com/konrix/layouts/assets/libs/tippy.js/tippy.css]
[coderthemes.com/konrix/layouts/assets/libs/tippy.js/tippy.all.min.js]
[coderthemes.com/konrix/layouts/assets/js/pages/extended-tippy.js]
[coderthemes.com/konrix/layouts/extended-tippy-tooltips.html]
[coderthemes.com/konrix/layouts/assets/images/lightbox-video.mp4]
[coderthemes.com/konrix/layouts/assets/js/pages/extended-lightbox.js]
[coderthemes.com/konrix/layouts/extended-lightbox.html]
[coderthemes.com/konrix/layouts/forms-elements.html]
[coderthemes.com/konrix/layouts/assets/libs/nice-select2/css/nice-select2.css]
[coderthemes.com/konrix/layouts/assets/libs/nice-select2/js/nice-select2.js]
[coderthemes.com/konrix/layouts/assets/js/pages/form-select.js]
[coderthemes.com/konrix/layouts/forms-select.html]
[coderthemes.com/konrix/layouts/assets/libs/nouislider/nouislider.min.js]
[coderthemes.com/konrix/layouts/assets/libs/wnumb/wNumb.min.js]
[coderthemes.com/konrix/layouts/assets/js/pages/form-rangeslider.js]
[coderthemes.com/konrix/layouts/forms-range.html]
[coderthemes.com/konrix/layouts/assets/libs/flatpickr/flatpickr.min.css]
[coderthemes.com/konrix/layouts/assets/libs/@simonwep/pickr/themes/classic.min.css]
[coderthemes.com/konrix/layouts/assets/libs/@simonwep/pickr/themes/monolith.min.css]
[coderthemes.com/konrix/layouts/assets/libs/@simonwep/pickr/themes/nano.min.css]
[coderthemes.com/konrix/layouts/assets/libs/flatpickr/flatpickr.min.js]
[coderthemes.com/konrix/layouts/assets/libs/@simonwep/pickr/pickr.min.js]
[coderthemes.com/konrix/layouts/assets/js/pages/form-flatpickr.js]
[coderthemes.com/konrix/layouts/assets/js/pages/form-color-pickr.js]
[coderthemes.com/konrix/layouts/forms-pickers.html]
[coderthemes.com/konrix/layouts/assets/libs/inputmask/inputmask.min.js]
[coderthemes.com/konrix/layouts/assets/js/pages/form-inputmask.js]
[coderthemes.com/konrix/layouts/forms-masks.html]
[coderthemes.com/konrix/layouts/assets/libs/quill/quill.core.css]
[coderthemes.com/konrix/layouts/assets/libs/quill/quill.bubble.css]
[coderthemes.com/konrix/layouts/assets/libs/quill/quill.snow.css]
[coderthemes.com/konrix/layouts/assets/js/pages/form-editor.js]
[coderthemes.com/konrix/layouts/forms-editor.html]
[coderthemes.com/konrix/layouts/forms-file-uploads.html]
[coderthemes.com/konrix/layouts/assets/libs/quill/quill.min.js]
[coderthemes.com/konrix/layouts/assets/libs/pristinejs/pristine.min.js]
[coderthemes.com/konrix/layouts/assets/js/pages/form-validation.js]
[coderthemes.com/konrix/layouts/forms-validation.html]
[coderthemes.com/konrix/layouts/forms-layout.html]
[coderthemes.com/konrix/layouts/tables-basic.html]
[coderthemes.com/konrix/layouts/assets/libs/gridjs/theme/mermaid.min.css]
[coderthemes.com/konrix/layouts/assets/libs/gridjs/gridjs.umd.js]
[coderthemes.com/konrix/layouts/assets/js/pages/table-gridjs.js]
[coderthemes.com/konrix/layouts/tables-datatables.html]
[coderthemes.com/konrix/layouts/assets/js/pages/icons-mingcute.js]
[coderthemes.com/konrix/layouts/icons-mingcute.html]
[coderthemes.com/konrix/layouts/icons-feather.html]
[coderthemes.com/konrix/layouts/icons-material-symbols.html]
[coderthemes.com/konrix/layouts/assets/js/pages/icons-material-symbols.js]
[coderthemes.com/konrix/layouts/assets/js/pages/charts-apex.js]
[coderthemes.com/konrix/layouts/charts.html]
[coderthemes.com/konrix/layouts/assets/libs/jsvectormap/css/jsvectormap.min.css]
[coderthemes.com/konrix/layouts/assets/libs/jsvectormap/js/jsvectormap.min.js]
[coderthemes.com/konrix/layouts/assets/libs/jsvectormap/maps/iraq.js]
[coderthemes.com/konrix/layouts/assets/libs/jsvectormap/maps/canada.js]
[coderthemes.com/konrix/layouts/assets/libs/jsvectormap/maps/italy.js]
[coderthemes.com/konrix/layouts/assets/libs/jsvectormap/maps/russia.js]
[coderthemes.com/konrix/layouts/assets/libs/jsvectormap/maps/spain.js]
[coderthemes.com/konrix/layouts/assets/libs/jsvectormap/maps/us-aea-en.js]
[coderthemes.com/konrix/layouts/assets/libs/jsvectormap/maps/us-mill-en.js]
[coderthemes.com/konrix/layouts/assets/libs/jsvectormap/maps/world-merc.js]
[coderthemes.com/konrix/layouts/assets/libs/jsvectormap/maps/us-lcc-en.js]
[coderthemes.com/konrix/layouts/assets/js/pages/maps-vector.js]
[coderthemes.com/konrix/layouts/maps-vector.html]
[coderthemes.com/konrix/layouts/assets/libs/jsvectormap/maps/world.js]
[coderthemes.com/konrix/layouts/assets/libs/gmaps/gmaps.min.js]
[coderthemes.com/konrix/layouts/assets/js/pages/maps-google.js]
[coderthemes.com/konrix/layouts/maps-google.html]
[coderthemes.com/konrix/layouts/docs-introduction.html]
[coderthemes.com/konrix/layouts/docs-installation.html]
[coderthemes.com/konrix/layouts/docs-customization.html]
[coderthemes.com/konrix/layouts/docs-changelog.html]
[coderthemes.com/konrix/layouts/assets/fonts/MingCute2960.svg]
[coderthemes.com/konrix/layouts/assets/libs/dropzone/min/dropzone.min.css]
[coderthemes.com/konrix/layouts/assets/libs/glightbox/css/glightbox.min.css]
[coderthemes.com/konrix/layouts/assets/libs/swiper/swiper-bundle.min.css]
[coderthemes.com/konrix/layouts/assets/libs/nouislider/nouislider.min.css]
[coderthemes.com/konrix/layouts/assets/libs/animate.css/animate.min.css]
[coderthemes.com/konrix/layouts/assets/libs/animate.css/animate.compat.css]
[coderthemes.com/konrix/layouts/assets/libs/plyr/plyr.css]
[coderthemes.com/konrix/layouts/assets/libs/sweetalert2/sweetalert2.min.css]
[coderthemes.com/konrix/layouts/assets/libs/shepherd.js/css/shepherd.css]
[coderthemes.com/konrix/layouts/assets/libs/tippy.js/tippy.css]
[coderthemes.com/konrix/layouts/assets/libs/nice-select2/css/nice-select2.css]
[coderthemes.com/konrix/layouts/assets/libs/flatpickr/flatpickr.min.css]
[coderthemes.com/konrix/layouts/assets/libs/@simonwep/pickr/themes/classic.min.css]
[coderthemes.com/konrix/layouts/assets/libs/@simonwep/pickr/themes/monolith.min.css]
[coderthemes.com/konrix/layouts/assets/libs/@simonwep/pickr/themes/nano.min.css]
[coderthemes.com/konrix/layouts/assets/libs/quill/quill.core.css]
[coderthemes.com/konrix/layouts/assets/libs/quill/quill.bubble.css]
[coderthemes.com/konrix/layouts/assets/libs/quill/quill.snow.css]
[coderthemes.com/konrix/layouts/assets/libs/gridjs/theme/mermaid.min.css]
[coderthemes.com/konrix/layouts/assets/libs/jsvectormap/css/jsvectormap.min.css]
