[spruko.com/demo/synto/Synto/dist/html/index.html]
[backblue.gif]
[fade.gif]
[index.html]
[spruko.com/demo/synto/Synto/dist/assets/js/main.js]
[spruko.com/demo/synto/Synto/dist/assets/libs/apexcharts/apexcharts.min.js]
[spruko.com/demo/synto/Synto/dist/assets/libs/chart.js/chart.min.js]
[spruko.com/demo/synto/Synto/dist/assets/js/index.js]
[spruko.com/demo/synto/Synto/dist/assets/libs/@popperjs/core/umd/popper.min.js]
[spruko.com/demo/synto/Synto/dist/assets/libs/@simonwep/pickr/pickr.es5.min.js]
[spruko.com/demo/synto/Synto/dist/assets/js/defaultmenu.js]
[spruko.com/demo/synto/Synto/dist/assets/js/sticky.js]
[spruko.com/demo/synto/Synto/dist/assets/js/switch.js]
[spruko.com/demo/synto/Synto/dist/assets/libs/preline/preline.js]
[spruko.com/demo/synto/Synto/dist/assets/libs/simplebar/simplebar.min.js]
[spruko.com/demo/synto/Synto/dist/assets/js/custom.js]
[spruko.com/demo/synto/Synto/dist/assets/js/custom-switcher.js]
[spruko.com/demo/synto/Synto/dist/html/index.html]
[spruko.com/demo/synto/Synto/dist/assets/img/landing/1.jpg]
[spruko.com/demo/synto/Synto/dist/assets/img/authentication/1.png]
[spruko.com/demo/synto/Synto/dist/assets/img/landing/2.png]
[spruko.com/demo/synto/Synto/dist/assets/img/menu-bg-images/transparent.png]
[spruko.com/demo/synto/Synto/dist/assets/img/menu-bg-images/bg-img1.jpg]
[spruko.com/demo/synto/Synto/dist/assets/img/menu-bg-images/bg-img2.jpg]
[spruko.com/demo/synto/Synto/dist/assets/img/menu-bg-images/bg-img3.jpg]
[spruko.com/demo/synto/Synto/dist/assets/img/menu-bg-images/bg-img4.jpg]
[spruko.com/demo/synto/Synto/dist/assets/img/menu-bg-images/bg-img5.jpg]
[spruko.com/demo/synto/Synto/dist/assets/css/style.css]
[spruko.com/demo/synto/Synto/dist/assets/libs/simplebar/simplebar.min.css]
[spruko.com/demo/synto/Synto/dist/assets/libs/@simonwep/pickr/themes/nano.min.css]
[spruko.com/demo/synto/Synto/dist/assets/libs/jsvectormap/css/jsvectormap.min.css]
[spruko.com/demo/synto/Synto/dist/assets/iconfonts/RemixIcons/fonts/remixicondf6d.eot]
[spruko.com/demo/synto/Synto/dist/assets/iconfonts/RemixIcons/fonts/remixicondf6d.woff2]
[spruko.com/demo/synto/Synto/dist/assets/iconfonts/RemixIcons/fonts/remixicondf6d.woff]
[spruko.com/demo/synto/Synto/dist/assets/iconfonts/RemixIcons/fonts/remixicondf6d.ttf]
[spruko.com/demo/synto/Synto/dist/assets/iconfonts/RemixIcons/fonts/remixicon.css]
[spruko.com/demo/synto/Synto/dist/assets/iconfonts/tabler-icons/webfont/fonts/tabler-icons399c.eot]
[spruko.com/demo/synto/Synto/dist/assets/iconfonts/tabler-icons/webfont/fonts/tabler-iconsd41d.eot]
[spruko.com/demo/synto/Synto/dist/assets/iconfonts/tabler-icons/webfont/fonts/tabler-icons399c.woff2]
[spruko.com/demo/synto/Synto/dist/assets/iconfonts/tabler-icons/webfont/fonts/tabler-iconsd41d.woff]
[spruko.com/demo/synto/Synto/dist/assets/iconfonts/tabler-icons/webfont/fonts/tabler-icons399c.ttf]
[spruko.com/demo/synto/Synto/dist/assets/iconfonts/tabler-icons/webfont/tabler-icons.css]
[spruko.com/demo/synto/Synto/dist/assets/iconfonts/RemixIcons/fonts/remixicondf6d.svg]
