[webonzer.com/snow/index.html]
[backblue.gif]
[fade.gif]
[index.html]
[webonzer.com/snow/assets/images/favicon.ico]
[webonzer.com/snow/assets/css/style.css]
[webonzer.com/snow/assets/images/logo.svg]
[webonzer.com/snow/assets/images/dark-logo.svg]
[webonzer.com/snow/projects.html]
[webonzer.com/snow/ecommerce.html]
[webonzer.com/snow/email.html]
[webonzer.com/snow/contact.html]
[webonzer.com/snow/invoice.html]
[webonzer.com/snow/tabs.html]
[webonzer.com/snow/chat.html]
[webonzer.com/snow/accordions.html]
[webonzer.com/snow/modals.html]
[webonzer.com/snow/carousel.html]
[webonzer.com/snow/timeline.html]
[webonzer.com/snow/pricing.html]
[webonzer.com/snow/lightbox.html]
[webonzer.com/snow/alerts.html]
[webonzer.com/snow/avatar.html]
[webonzer.com/snow/badges.html]
[webonzer.com/snow/breadcrumbs.html]
[webonzer.com/snow/buttons.html]
[webonzer.com/snow/dropdown.html]
[webonzer.com/snow/loader.html]
[webonzer.com/snow/pagination.html]
[webonzer.com/snow/progress-bar.html]
[webonzer.com/snow/charts.html]
[webonzer.com/snow/widgets.html]
[webonzer.com/snow/font-icons.html]
[webonzer.com/snow/drag-and-drop.html]
[webonzer.com/snow/tables.html]
[webonzer.com/snow/datatables.html]
[webonzer.com/snow/forms-basic.html]
[webonzer.com/snow/input-group.html]
[webonzer.com/snow/validation.html]
[webonzer.com/snow/radio.html]
[webonzer.com/snow/switches.html]
[webonzer.com/snow/account.html]
[webonzer.com/snow/checkbox.html]
[webonzer.com/snow/projects-details.html]
[webonzer.com/snow/order-list.html]
[webonzer.com/snow/user-projects.html]
[webonzer.com/snow/coming-soon.html]
[webonzer.com/snow/404.html]
[webonzer.com/snow/503.html]
[webonzer.com/snow/500.html]
[webonzer.com/snow/maintanence.html]
[webonzer.com/snow/login.html]
[webonzer.com/snow/login-cover.html]
[webonzer.com/snow/signup.html]
[webonzer.com/snow/reset-password.html]
[webonzer.com/snow/login-verification.html]
[webonzer.com/snow/forgot-password.html]
[webonzer.com/snow/account-info.html]
[webonzer.com/snow/account-type.html]
[webonzer.com/snow/billing-details.html]
[webonzer.com/snow/billing-details2.html]
[webonzer.com/snow/assets/images/byewind-avatar.png]
[webonzer.com/snow/assets/images/avatar-1.png]
[webonzer.com/snow/assets/images/avatar-2.png]
[webonzer.com/snow/assets/images/avatar-3.png]
[webonzer.com/snow/assets/images/avatar-4.png]
[webonzer.com/snow/assets/images/avatar-5.png]
[webonzer.com/snow/assets/images/avatar-6.png]
[webonzer.com/snow/assets/images/avatar-7.png]
[webonzer.com/snow/assets/images/avatar-8.png]
[webonzer.com/snow/assets/images/avatar-9.png]
[webonzer.com/snow/assets/images/avatar-10.png]
[webonzer.com/snow/assets/images/avatar-11.png]
[webonzer.com/cdn-cgi/scripts/5c5dd728/cloudflare-static/email-decode.min.js]
[webonzer.com/snow/assets/js/alpine-collaspe.min.js]
[webonzer.com/snow/assets/js/alpine-persist.min.js]
[webonzer.com/snow/assets/js/alpine.min.js]
[webonzer.com/snow/assets/js/apexcharts.js]
[webonzer.com/snow/assets/js/apexcharts-main.js]
[webonzer.com/snow/index.html]
[webonzer.com/snow/assets/js/custom.js]
[webonzer.com/snow/assets/images/login-bg.jpg]
[webonzer.com/snow/assets/css/style.css]
[webonzer.com/snow/assets/images/logo.svg]
[webonzer.com/snow/assets/images/dark-logo.svg]
[webonzer.com/snow/assets/images/pricing-bg.svg]
[webonzer.com/snow/assets/images/avatar-12.png]
[webonzer.com/snow/assets/images/avatar-13.png]
[webonzer.com/snow/assets/images/avatar-14.png]
[webonzer.com/snow/assets/images/avatar-15.png]
[webonzer.com/snow/assets/images/avatar-16.png]
[webonzer.com/snow/assets/images/avatar-17.png]
[webonzer.com/snow/assets/images/avatar-18.png]
[webonzer.com/snow/projects.html]
[webonzer.com/snow/assets/js/apexcharts-project.js]
[webonzer.com/snow/ecommerce.html]
[webonzer.com/snow/assets/js/apexcharts-ecommerce.js]
[webonzer.com/snow/assets/images/slack.png]
[webonzer.com/snow/assets/images/world-map.svg]
[webonzer.com/snow/assets/images/mail-bg.png]
[webonzer.com/snow/assets/images/behance.png]
[webonzer.com/snow/assets/images/chatgpt.png]
[webonzer.com/snow/assets/images/facebook.svg]
[webonzer.com/snow/assets/images/youtube.svg]
[webonzer.com/snow/assets/images/avatar-24.png]
[webonzer.com/snow/assets/images/slack-logo.svg]
[webonzer.com/snow/assets/images/mail-banner.png]
[webonzer.com/snow/email.html]
[webonzer.com/snow/assets/images/snow-logo.svg]
[webonzer.com/snow/assets/images/avatar-25.png]
[webonzer.com/snow/chat.html]
[webonzer.com/snow/assets/images/avatar-26.png]
[webonzer.com/snow/assets/images/avatar-27.png]
[webonzer.com/snow/contact.html]
[webonzer.com/snow/assets/images/paypal.svg]
[webonzer.com/snow/invoice.html]
[webonzer.com/snow/tabs.html]
[webonzer.com/snow/accordions.html]
[webonzer.com/snow/modals.html]
[webonzer.com/snow/assets/js/alpine-ui.min.js]
[webonzer.com/snow/assets/css/swiper-bundle.min.css]
[webonzer.com/snow/assets/images/carousel1.jpg]
[webonzer.com/snow/assets/images/carousel2.jpg]
[webonzer.com/snow/assets/images/carousel3.jpg]
[webonzer.com/snow/carousel.html]
[webonzer.com/snow/assets/js/swiper-bundle.min.js]
[webonzer.com/snow/assets/images/instagram.svg]
[webonzer.com/snow/assets/images/web-development.svg]
[webonzer.com/snow/timeline.html]
[webonzer.com/snow/pricing.html]
[webonzer.com/snow/assets/images/graphic-designer.svg]
[webonzer.com/snow/assets/css/fancybox.css]
[webonzer.com/snow/assets/images/lightbox-3.jpg]
[webonzer.com/snow/assets/images/lightbox-4.jpg]
[webonzer.com/snow/assets/images/lightbox-5.jpg]
[webonzer.com/snow/assets/images/lightbox-6.jpg]
[webonzer.com/snow/assets/images/lightbox-7.jpg]
[webonzer.com/snow/lightbox.html]
[webonzer.com/snow/alerts.html]
[webonzer.com/snow/assets/js/fancybox.umd.js]
[webonzer.com/snow/assets/images/avatar-19.png]
[webonzer.com/snow/avatar.html]
[webonzer.com/snow/badges.html]
[webonzer.com/snow/breadcrumbs.html]
[webonzer.com/snow/buttons.html]
[webonzer.com/snow/dropdown.html]
[webonzer.com/snow/loader.html]
[webonzer.com/snow/pagination.html]
[webonzer.com/snow/progress-bar.html]
[webonzer.com/snow/charts.html]
[webonzer.com/snow/assets/js/apex.init.js]
[webonzer.com/snow/assets/images/product-1.png]
[webonzer.com/snow/assets/images/product-2.png]
[webonzer.com/snow/assets/images/product-3.png]
[webonzer.com/snow/assets/images/product-4.png]
[webonzer.com/snow/widgets.html]
[webonzer.com/snow/font-icons.html]
[webonzer.com/snow/assets/images/dropbox.png]
[webonzer.com/snow/assets/images/badoo.png]
[webonzer.com/snow/assets/images/avatar-20.png]
[webonzer.com/snow/assets/images/invision.png]
[webonzer.com/snow/assets/images/blogger.png]
[webonzer.com/snow/assets/images/avatar-21.png]
[webonzer.com/snow/assets/images/bitbucket.png]
[webonzer.com/snow/assets/images/dailymotion.png]
[webonzer.com/snow/drag-and-drop.html]
[webonzer.com/snow/assets/js/sortable.min.js]
[webonzer.com/snow/assets/images/avatar-23.png]
[webonzer.com/snow/tables.html]
[webonzer.com/snow/assets/css/simple-datatables.css]
[webonzer.com/snow/datatables.html]
[webonzer.com/snow/forms-basic.html]
[webonzer.com/snow/input-group.html]
[webonzer.com/snow/validation.html]
[webonzer.com/snow/checkbox.html]
[webonzer.com/snow/radio.html]
[webonzer.com/snow/switches.html]
[webonzer.com/snow/assets/js/simple-datatables.js]
[webonzer.com/snow/assets/images/img-1.svg]
[webonzer.com/snow/assets/images/img-2.svg]
[webonzer.com/snow/assets/images/google.svg]
[webonzer.com/snow/assets/images/github.svg]
[webonzer.com/snow/assets/images/slack.svg]
[webonzer.com/snow/assets/images/visa-card.svg]
[webonzer.com/snow/assets/images/master-card.svg]
[webonzer.com/snow/account.html]
[webonzer.com/snow/assets/js/apexchart-account.js]
[webonzer.com/snow/assets/images/digg.png]
[webonzer.com/snow/assets/images/marvel.png]
[webonzer.com/snow/assets/images/kickstarter.png]
[webonzer.com/snow/assets/images/patreon.png]
[webonzer.com/snow/assets/images/ok.png]
[webonzer.com/snow/assets/images/zendesk.png]
[webonzer.com/snow/user-projects.html]
[webonzer.com/snow/assets/images/avatar-22.png]
[webonzer.com/snow/projects-details.html]
[webonzer.com/snow/order-list.html]
[webonzer.com/snow/coming-soon.html]
[webonzer.com/snow/assets/images/coming-soon.svg]
[webonzer.com/snow/assets/images/coming-soon-dark.svg]
[webonzer.com/snow/404.html]
[webonzer.com/snow/500.html]
[webonzer.com/snow/503.html]
[webonzer.com/snow/assets/images/image404.svg]
[webonzer.com/snow/assets/images/maintanence.svg]
[webonzer.com/snow/maintanence.html]
[webonzer.com/snow/assets/images/maintanence-dark.svg]
[webonzer.com/snow/login.html]
[webonzer.com/snow/login-cover.html]
[webonzer.com/snow/signup.html]
[webonzer.com/snow/reset-password.html]
[webonzer.com/snow/login-verification.html]
[webonzer.com/snow/forgot-password.html]
[webonzer.com/snow/account-info.html]
[webonzer.com/snow/account-type.html]
[webonzer.com/snow/billing-details.html]
[webonzer.com/snow/billing-details2.html]
[webonzer.com/snow/assets/images/pricing-bg.svg]
[webonzer.com/snow/assets/images/image404-dark.svg]
[webonzer.com/snow/assets/images/apple-icon.svg]
[webonzer.com/snow/assets/images/world-map.svg]
[webonzer.com/snow/assets/images/facebook.svg]
[webonzer.com/snow/assets/images/youtube.svg]
[webonzer.com/snow/assets/images/slack-logo.svg]
[webonzer.com/snow/assets/images/snow-logo.svg]
[webonzer.com/snow/assets/images/paypal.svg]
[webonzer.com/snow/assets/css/swiper-bundle.min.css]
[webonzer.com/snow/assets/images/instagram.svg]
[webonzer.com/snow/assets/images/web-development.svg]
[webonzer.com/snow/assets/images/graphic-designer.svg]
[webonzer.com/snow/assets/css/fancybox.css]
[webonzer.com/snow/assets/css/simple-datatables.css]
[webonzer.com/snow/assets/images/img-1.svg]
[webonzer.com/snow/assets/images/img-2.svg]
[webonzer.com/snow/assets/images/google.svg]
[webonzer.com/snow/assets/images/github.svg]
[webonzer.com/snow/assets/images/slack.svg]
[webonzer.com/snow/assets/images/visa-card.svg]
[webonzer.com/snow/assets/images/master-card.svg]
[webonzer.com/snow/assets/images/coming-soon.svg]
[webonzer.com/snow/assets/images/coming-soon-dark.svg]
[webonzer.com/snow/assets/images/image404.svg]
[webonzer.com/snow/assets/images/image404-dark.svg]
[webonzer.com/snow/assets/images/maintanence.svg]
[webonzer.com/snow/assets/images/maintanence-dark.svg]
[webonzer.com/snow/assets/images/apple-icon.svg]
